azahask@c623lrd90445656:~/learnbay$ git clone https://github.com/AzaharSK/learnbay-assignment.git
Cloning into 'learnbay-assignment'...
warning: You appear to have cloned an empty repository.
azahask@c623lrd90445656:~/learnbay$ ls
learnbay-assignment
azahask@c623lrd90445656:~/learnbay$ cd learnbay-assignment/
azahask@c623lrd90445656:~/learnbay/learnbay-assignment$ 
azahask@c623lrd90445656:~/learnbay/learnbay-assignment$ vim student.txt 
azahask@c623lrd90445656:~/learnbay/learnbay-assignment$ vim employee.txt 
azahask@c623lrd90445656:~/learnbay/learnbay-assignment$ cat student.txt 
Students list
azahask@c623lrd90445656:~/learnbay/learnbay-assignment$ cat employee.txt 
Employees list
azahask@c623lrd90445656:~/learnbay/learnbay-assignment$ git status
On branch main

No commits yet

Untracked files:
  (use "git add <file>..." to include in what will be committed)
	employee.txt
	student.txt

nothing added to commit but untracked files present (use "git add" to track)
azahask@c623lrd90445656:~/learnbay/learnbay-assignment$ git add .
azahask@c623lrd90445656:~/learnbay/learnbay-assignment$ vim dept.txt
azahask@c623lrd90445656:~/learnbay/learnbay-assignment$ git status
On branch main

No commits yet

Changes to be committed:
  (use "git rm --cached <file>..." to unstage)
	new file:   employee.txt
	new file:   student.txt

Untracked files:
  (use "git add <file>..." to include in what will be committed)
	dept.txt

azahask@c623lrd90445656:~/learnbay/learnbay-assignment$ git add dept.txt 
azahask@c623lrd90445656:~/learnbay/learnbay-assignment$ git status
On branch main

No commits yet

Changes to be committed:
  (use "git rm --cached <file>..." to unstage)
	new file:   dept.txt
	new file:   employee.txt
	new file:   student.txt

azahask@c623lrd90445656:~/learnbay/learnbay-assignment$ git restore employee.txt 
azahask@c623lrd90445656:~/learnbay/learnbay-assignment$ git status
On branch main

No commits yet

Changes to be committed:
  (use "git rm --cached <file>..." to unstage)
	new file:   dept.txt
	new file:   employee.txt
	new file:   student.txt

azahask@c623lrd90445656:~/learnbay/learnbay-assignment$ cat employee.txt 
Employees list
azahask@c623lrd90445656:~/learnbay/learnbay-assignment$ vim student.txt 
azahask@c623lrd90445656:~/learnbay/learnbay-assignment$ git status
On branch main

No commits yet

Changes to be committed:
  (use "git rm --cached <file>..." to unstage)
	new file:   dept.txt
	new file:   employee.txt
	new file:   student.txt

Changes not staged for commit:
  (use "git add <file>..." to update what will be committed)
  (use "git restore <file>..." to discard changes in working directory)
	modified:   student.txt

azahask@c623lrd90445656:~/learnbay/learnbay-assignment$ git add student.txt 
azahask@c623lrd90445656:~/learnbay/learnbay-assignment$ git commit -m "added student employe dept"
[main (root-commit) 412fcda] added student employe dept
 3 files changed, 3 insertions(+)
 create mode 100644 dept.txt
 create mode 100644 employee.txt
 create mode 100644 student.txt
azahask@c623lrd90445656:~/learnbay/learnbay-assignment$ git push 
Username for 'https://github.com': azaharsk
Password for 'https://azaharsk@github.com': 
Enumerating objects: 5, done.
Counting objects: 100% (5/5), done.
Delta compression using up to 32 threads
Compressing objects: 100% (2/2), done.
Writing objects: 100% (5/5), 360 bytes | 360.00 KiB/s, done.
Total 5 (delta 0), reused 0 (delta 0), pack-reused 0
To https://github.com/AzaharSK/learnbay-assignment.git
 * [new branch]      main -> main
azahask@c623lrd90445656:~/learnbay/learnbay-assignment$ git pull
remote: Enumerating objects: 4, done.
remote: Counting objects: 100% (4/4), done.
remote: Compressing objects: 100% (2/2), done.
remote: Total 3 (delta 1), reused 0 (delta 0), pack-reused 0 (from 0)
Unpacking objects: 100% (3/3), 926 bytes | 926.00 KiB/s, done.
From https://github.com/AzaharSK/learnbay-assignment
   412fcda..2399e6e  main       -> origin/main
Updating 412fcda..2399e6e
Fast-forward
 hello.txt | 1 +
 1 file changed, 1 insertion(+)
 create mode 100644 hello.txt
azahask@c623lrd90445656:~/learnbay/learnbay-assignment$ vim history.txt
azahask@c623lrd90445656:~/learnbay/learnbay-assignment$ git status
On branch main
Your branch is up to date with 'origin/main'.

Untracked files:
  (use "git add <file>..." to include in what will be committed)
	history.txt

nothing added to commit but untracked files present (use "git add" to track)
azahask@c623lrd90445656:~/learnbay/learnbay-assignment$ git add history.txt 
azahask@c623lrd90445656:~/learnbay/learnbay-assignment$ git push 
Username for 'https://github.com': ^C
azahask@c623lrd90445656:~/learnbay/learnbay-assignment$ git commit -m "Added history"
[main c1f591c] Added history
 1 file changed, 115 insertions(+)
 create mode 100644 history.txt
azahask@c623lrd90445656:~/learnbay/learnbay-assignment$ git push 
Username for 'https://github.com': azaharsk
Password for 'https://azaharsk@github.com': 
Enumerating objects: 4, done.
Counting objects: 100% (4/4), done.
Delta compression using up to 32 threads
Compressing objects: 100% (3/3), done.
Writing objects: 100% (3/3), 1.17 KiB | 1.17 MiB/s, done.
Total 3 (delta 1), reused 0 (delta 0), pack-reused 0
remote: Resolving deltas: 100% (1/1), completed with 1 local object.
To https://github.com/AzaharSK/learnbay-assignment.git
   2399e6e..c1f591c  main -> main
azahask@c623lrd90445656:~/learnbay/learnbay-assignment$ git status
On branch main
Your branch is up to date with 'origin/main'.

Untracked files:
  (use "git add <file>..." to include in what will be committed)
	screen1.png
	screen2.png

nothing added to commit but untracked files present (use "git add" to track)
azahask@c623lrd90445656:~/learnbay/learnbay-assignment$ git add .
azahask@c623lrd90445656:~/learnbay/learnbay-assignment$ git commit -m "added screenshot"
[main 9dce9aa] added screenshot
 2 files changed, 0 insertions(+), 0 deletions(-)
 create mode 100644 screen1.png
 create mode 100644 screen2.png
azahask@c623lrd90445656:~/learnbay/learnbay-assignment$ git push 
Username for 'https://github.com': azaharsk
Password for 'https://azaharsk@github.com': 
Enumerating objects: 5, done.
Counting objects: 100% (5/5), done.
Delta compression using up to 32 threads
Compressing objects: 100% (4/4), done.
Writing objects: 100% (4/4), 342.21 KiB | 38.02 MiB/s, done.
Total 4 (delta 1), reused 0 (delta 0), pack-reused 0
remote: Resolving deltas: 100% (1/1), completed with 1 local object.
To https://github.com/AzaharSK/learnbay-assignment.git
   c1f591c..9dce9aa  main -> main
azahask@c623lrd90445656:~/learnbay/learnbay-assignment$ ls
dept.txt  employee.txt  hello.txt  history.txt  screen1.png  screen2.png  student.txt
azahask@c623lrd90445656:~/learnbay/learnbay-assignment$ git add delete.png 
azahask@c623lrd90445656:~/learnbay/learnbay-assignment$ git commit --amend
[main 7ae2dfa] added screenshot
 Date: Sun Mar 9 12:02:18 2025 +0530
 3 files changed, 0 insertions(+), 0 deletions(-)
 create mode 100644 delete.png
 create mode 100644 screen1.png
 create mode 100644 screen2.png
azahask@c623lrd90445656:~/learnbay/learnbay-assignment$ git push 
Username for 'https://github.com': azaharsk
Password for 'https://azaharsk@github.com': 
To https://github.com/AzaharSK/learnbay-assignment.git
 ! [rejected]        main -> main (fetch first)
error: failed to push some refs to 'https://github.com/AzaharSK/learnbay-assignment.git'
hint: Updates were rejected because the remote contains work that you do not
hint: have locally. This is usually caused by another repository pushing to
hint: the same ref. If you want to integrate the remote changes, use
hint: 'git pull' before pushing again.
hint: See the 'Note about fast-forwards' in 'git push --help' for details.
azahask@c623lrd90445656:~/learnbay/learnbay-assignment$ git push  -f
Username for 'https://github.com': azaharsk^C
azahask@c623lrd90445656:~/learnbay/learnbay-assignment$ git pull
remote: Enumerating objects: 5, done.
remote: Counting objects: 100% (5/5), done.
remote: Compressing objects: 100% (4/4), done.
remote: Total 4 (delta 2), reused 0 (delta 0), pack-reused 0 (from 0)
Unpacking objects: 100% (4/4), 1.68 KiB | 1.68 MiB/s, done.
From https://github.com/AzaharSK/learnbay-assignment
   9dce9aa..f09b014  main       -> origin/main
hint: You have divergent branches and need to specify how to reconcile them.
hint: You can do so by running one of the following commands sometime before
hint: your next pull:
hint: 
hint:   git config pull.rebase false  # merge
hint:   git config pull.rebase true   # rebase
hint:   git config pull.ff only       # fast-forward only
hint: 
hint: You can replace "git config" with "git config --global" to set a default
hint: preference for all repositories. You can also pass --rebase, --no-rebase,
hint: or --ff-only on the command line to override the configured default per
hint: invocation.
fatal: Need to specify how to reconcile divergent branches.
azahask@c623lrd90445656:~/learnbay/learnbay-assignment$ git push  -f
Username for 'https://github.com': ^C
azahask@c623lrd90445656:~/learnbay/learnbay-assignment$ git status
On branch main
Your branch and 'origin/main' have diverged,
and have 1 and 3 different commits each, respectively.
  (use "git pull" if you want to integrate the remote branch with yours)

nothing to commit, working tree clean
azahask@c623lrd90445656:~/learnbay/learnbay-assignment$ git push  -f
Username for 'https://github.com': azaharsk
Password for 'https://azaharsk@github.com': 
Enumerating objects: 6, done.
Counting objects: 100% (6/6), done.
Delta compression using up to 32 threads
Compressing objects: 100% (5/5), done.
Writing objects: 100% (5/5), 461.68 KiB | 28.85 MiB/s, done.
Total 5 (delta 0), reused 0 (delta 0), pack-reused 0
To https://github.com/AzaharSK/learnbay-assignment.git
 + f09b014...7ae2dfa main -> main (forced update)
azahask@c623lrd90445656:~/learnbay/learnbay-assignment$ vim history.txt 
azahask@c623lrd90445656:~/learnbay/learnbay-assignment$ git add 
Nothing specified, nothing added.
hint: Maybe you wanted to say 'git add .'?
hint: Turn this message off by running
hint: "git config advice.addEmptyPathspec false"
azahask@c623lrd90445656:~/learnbay/learnbay-assignment$ git add .
azahask@c623lrd90445656:~/learnbay/learnbay-assignment$ git push 
Username for 'https://github.com': azaharsk
Password for 'https://azaharsk@github.com': 
Everything up-to-date
azahask@c623lrd90445656:~/learnbay/learnbay-assignment$ 


